MariaDB [(none)]> create table bank_account (id int auto_increment primary key, balance decimal(10, 2));
ERROR 1046 (3D000): No database selected
MariaDB [(none)]> use concurrency_problem;
Database changed
MariaDB [concurrency_problem]> create table bank_account (id int auto_increment primary key, balance decimal(10, 2));
Query OK, 0 rows affected (0.015 sec)

MariaDB [concurrency_problem]> insert into bank_account(balance) values (100.00);
Query OK, 1 row affected (0.011 sec)

MariaDB [concurrency_problem]> start transaction;
Query OK, 0 rows affected (0.000 sec)

MariaDB [concurrency_problem]> select balance from bank_account were id = 1;
ERROR 1064 (42000): You have an error in your SQL syntax; check the manual that corresponds to your MariaDB server version for the right syntax to use near 'id = 1' at line 1
MariaDB [concurrency_problem]> select balance from bank_account where id = 1;
+---------+
| balance |
+---------+
|  100.00 |
+---------+
1 row in set (0.001 sec)

MariaDB [concurrency_problem]> update bank_account set balance = 150.00 where id = 1;
Query OK, 1 row affected (0.001 sec)
Rows matched: 1  Changed: 1  Warnings: 0

MariaDB [concurrency_problem]> commit;
Query OK, 0 rows affected (0.010 sec)

MariaDB [concurrency_problem]> select balance from bank_account where id = 1;
+---------+
| balance |
+---------+
|   70.00 |
+---------+
1 row in set (0.000 sec)

MariaDB [concurrency_problem]> exit
