MariaDB [(none)]> CREATE TABLE orders (
    ->     id INT AUTO_INCREMENT PRIMARY KEY,
    ->     description VARCHAR(255),
    ->     amount DECIMAL(10, 2)
    -> );
ERROR 1046 (3D000): No database selected
MariaDB [(none)]> use savepoint;
Database changed
MariaDB [savepoint]> CREATE TABLE orders (     id INT AUTO_INCREMENT PRIMARY KEY,     description VARCHAR(255),     amount DECIMAL(10, 2) );
Query OK, 0 rows affected (0.016 sec)

MariaDB [savepoint]> INSERT INTO orders (description, amount) VALUES ('Order 1', 100.00);
Query OK, 1 row affected (0.011 sec)

MariaDB [savepoint]> INSERT INTO orders (description, amount) VALUES ('Order 2', 200.00);
Query OK, 1 row affected (0.011 sec)

MariaDB [savepoint]> START TRANSACTION;
Query OK, 0 rows affected (0.000 sec)

MariaDB [savepoint]> INSERT INTO orders (description, amount) VALUES ('Order 3', 300.00);
Query OK, 1 row affected (0.000 sec)

MariaDB [savepoint]> SAVEPOINT sp1;
Query OK, 0 rows affected (0.000 sec)

MariaDB [savepoint]> INSERT INTO orders (description, amount) VALUES ('Order 4', 400.00);
Query OK, 1 row affected (0.000 sec)

MariaDB [savepoint]> SAVEPOINT sp2;
Query OK, 0 rows affected (0.000 sec)

MariaDB [savepoint]> ROLLBACK TO SAVEPOINT sp1;
Query OK, 0 rows affected (0.000 sec)

MariaDB [savepoint]> RELEASE SAVEPOINT sp1;
Query OK, 0 rows affected (0.000 sec)

MariaDB [savepoint]> COMMIT;
Query OK, 0 rows affected (0.001 sec)

MariaDB [savepoint]> exit
